// Jest Snapshot v1, https://goo.gl/fbAQLP

exports[`App test should work 1`] = `null`;
